[    0.000000] Linux version 4.15.0-117-generic (buildd@lcy01-amd64-008) (gcc version 7.5.0 (Ubuntu 7.5.0-3ubuntu1~18.04)) #118-Ubuntu SMP Fri Sep 4 20:02:41 UTC 2020 (Ubuntu 4.15.0-117.118-generic 4.15.18)
[    0.000000] Command line: BOOT_IMAGE=/boot/vmlinuz-4.15.0-117-generic root=LABEL=cloudimg-rootfs ro console=tty1 console=ttyS0
[    0.000000] KERNEL supported cpus:
[    0.000000]   Intel GenuineIntel
[    0.000000]   AMD AuthenticAMD
[    0.000000]   Centaur CentaurHauls
[    0.000000] x86/fpu: Supporting XSAVE feature 0x001: 'x87 floating point registers'
[    0.000000] x86/fpu: Supporting XSAVE feature 0x002: 'SSE registers'
[    0.000000] x86/fpu: Supporting XSAVE feature 0x004: 'AVX registers'
[    0.000000] x86/fpu: xstate_offset[2]:  576, xstate_sizes[2]:  256
[    0.000000] x86/fpu: Enabled xstate features 0x7, context size is 832 bytes, using 'standard' format.
[    0.000000] e820: BIOS-provided physical RAM map:
[    0.000000] BIOS-e820: [mem 0x0000000000000000-0x000000000009fbff] usable
[    0.000000] BIOS-e820: [mem 0x000000000009fc00-0x000000000009ffff] reserved
[    0.000000] BIOS-e820: [mem 0x00000000000f0000-0x00000000000fffff] reserved
[    0.000000] BIOS-e820: [mem 0x0000000000100000-0x000000003ffeffff] usable
[    0.000000] BIOS-e820: [mem 0x000000003fff0000-0x000000003fffffff] ACPI data
[    0.000000] BIOS-e820: [mem 0x00000000fec00000-0x00000000fec00fff] reserved
[    0.000000] BIOS-e820: [mem 0x00000000fee00000-0x00000000fee00fff] reserved
[    0.000000] BIOS-e820: [mem 0x00000000fffc0000-0x00000000ffffffff] reserved
[    0.000000] NX (Execute Disable) protection: active
[    0.000000] SMBIOS 2.5 present.
[    0.000000] DMI: innotek GmbH VirtualBox/VirtualBox, BIOS VirtualBox 12/01/2006
[    0.000000] Hypervisor detected: KVM
[    0.000000] e820: last_pfn = 0x3fff0 max_arch_pfn = 0x400000000
[    0.000000] MTRR: Disabled
[    0.000000] x86/PAT: MTRRs disabled, skipping PAT initialization too.
[    0.000000] CPU MTRRs all blank - virtualized system.
[    0.000000] x86/PAT: Configuration [0-7]: WB  WT  UC- UC  WB  WT  UC- UC  
[    0.000000] found SMP MP-table at [mem 0x0009fff0-0x0009ffff]
[    0.000000] Scanning 1 areas for low memory corruption
[    0.000000] RAMDISK: [mem 0x35a67000-0x36d2afff]
[    0.000000] ACPI: Early table checksum verification disabled
[    0.000000] ACPI: RSDP 0x00000000000E0000 000024 (v02 VBOX  )
[    0.000000] ACPI: XSDT 0x000000003FFF0030 00003C (v01 VBOX   VBOXXSDT 00000001 ASL  00000061)
[    0.000000] ACPI: FACP 0x000000003FFF00F0 0000F4 (v04 VBOX   VBOXFACP 00000001 ASL  00000061)
[    0.000000] ACPI: DSDT 0x000000003FFF0470 002325 (v02 VBOX   VBOXBIOS 00000002 INTL 20180105)
[    0.000000] ACPI: FACS 0x000000003FFF0200 000040
[    0.000000] ACPI: FACS 0x000000003FFF0200 000040
[    0.000000] ACPI: APIC 0x000000003FFF0240 00005C (v02 VBOX   VBOXAPIC 00000001 ASL  00000061)
[    0.000000] ACPI: SSDT 0x000000003FFF02A0 0001CC (v01 VBOX   VBOXCPUT 00000002 INTL 20180105)
[    0.000000] No NUMA configuration found
[    0.000000] Faking a node at [mem 0x0000000000000000-0x000000003ffeffff]
[    0.000000] NODE_DATA(0) allocated [mem 0x3ffc5000-0x3ffeffff]
[    0.000000] kvm-clock: cpu 0, msr 0:3ff44001, primary cpu clock
[    0.000000] kvm-clock: Using msrs 4b564d01 and 4b564d00
[    0.000000] kvm-clock: using sched offset of 3132872026 cycles
[    0.000000] clocksource: kvm-clock: mask: 0xffffffffffffffff max_cycles: 0x1cd42e4dffb, max_idle_ns: 881590591483 ns
[    0.000000] Zone ranges:
[    0.000000]   DMA      [mem 0x0000000000001000-0x0000000000ffffff]
[    0.000000]   DMA32    [mem 0x0000000001000000-0x000000003ffeffff]
[    0.000000]   Normal   empty
[    0.000000]   Device   empty
[    0.000000] Movable zone start for each node
[    0.000000] Early memory node ranges
[    0.000000]   node   0: [mem 0x0000000000001000-0x000000000009efff]
[    0.000000]   node   0: [mem 0x0000000000100000-0x000000003ffeffff]
[    0.000000] Reserved but unavailable: 98 pages
[    0.000000] Initmem setup node 0 [mem 0x0000000000001000-0x000000003ffeffff]
[    0.000000] ACPI: PM-Timer IO Port: 0x4008
[    0.000000] IOAPIC[0]: apic_id 2, version 32, address 0xfec00000, GSI 0-23
[    0.000000] ACPI: INT_SRC_OVR (bus 0 bus_irq 0 global_irq 2 dfl dfl)
[    0.000000] ACPI: INT_SRC_OVR (bus 0 bus_irq 9 global_irq 9 low level)
[    0.000000] Using ACPI (MADT) for SMP configuration information
[    0.000000] smpboot: Allowing 2 CPUs, 0 hotplug CPUs
[    0.000000] PM: Registered nosave memory: [mem 0x00000000-0x00000fff]
[    0.000000] PM: Registered nosave memory: [mem 0x0009f000-0x0009ffff]
[    0.000000] PM: Registered nosave memory: [mem 0x000a0000-0x000effff]
[    0.000000] PM: Registered nosave memory: [mem 0x000f0000-0x000fffff]
[    0.000000] e820: [mem 0x40000000-0xfebfffff] available for PCI devices
[    0.000000] Booting paravirtualized kernel on KVM
[    0.000000] clocksource: refined-jiffies: mask: 0xffffffff max_cycles: 0xffffffff, max_idle_ns: 7645519600211568 ns
[    0.000000] random: get_random_bytes called from start_kernel+0x99/0x500 with crng_init=0
[    0.000000] setup_percpu: NR_CPUS:8192 nr_cpumask_bits:2 nr_cpu_ids:2 nr_node_ids:1
[    0.000000] percpu: Embedded 45 pages/cpu s147456 r8192 d28672 u1048576
[    0.000000] PV qspinlock hash table entries: 256 (order: 0, 4096 bytes)
[    0.000000] Built 1 zonelists, mobility grouping on.  Total pages: 257913
[    0.000000] Policy zone: DMA32
[    0.000000] Kernel command line: BOOT_IMAGE=/boot/vmlinuz-4.15.0-117-generic root=LABEL=cloudimg-rootfs ro console=tty1 console=ttyS0
[    0.000000] Memory: 983032K/1048120K available (12300K kernel code, 2481K rwdata, 4272K rodata, 2436K init, 2724K bss, 65088K reserved, 0K cma-reserved)
[    0.000000] SLUB: HWalign=64, Order=0-3, MinObjects=0, CPUs=2, Nodes=1
[    0.000000] Kernel/User page tables isolation: enabled
[    0.000000] ftrace: allocating 39392 entries in 154 pages
[    0.004000] Hierarchical RCU implementation.
[    0.004000] 	RCU restricting CPUs from NR_CPUS=8192 to nr_cpu_ids=2.
[    0.004000] 	Tasks RCU enabled.
[    0.004000] RCU: Adjusting geometry for rcu_fanout_leaf=16, nr_cpu_ids=2
[    0.004000] NR_IRQS: 524544, nr_irqs: 440, preallocated irqs: 16
[    0.004000] Console: colour VGA+ 80x25
[    0.004000] console [tty1] enabled
[    0.004000] console [ttyS0] enabled
[    0.004000] ACPI: Core revision 20170831
[    0.004000] ACPI: 2 ACPI AML tables successfully acquired and loaded
[    0.004000] APIC: Switch to symmetric I/O mode setup
[    0.004000] x2apic enabled
[    0.004000] Switched APIC routing to physical x2apic.
[    0.004000] ..TIMER: vector=0x30 apic1=0 pin1=2 apic2=-1 pin2=-1
[    0.004000] tsc: Detected 2793.524 MHz processor
[    0.004000] Calibrating delay loop (skipped) preset value.. 5587.04 BogoMIPS (lpj=11174096)
[    0.004005] pid_max: default: 32768 minimum: 301
[    0.004540] Security Framework initialized
[    0.005026] Yama: becoming mindful.
[    0.005452] AppArmor: AppArmor initialized
[    0.006484] Dentry cache hash table entries: 131072 (order: 8, 1048576 bytes)
[    0.007295] Inode-cache hash table entries: 65536 (order: 7, 524288 bytes)
[    0.008012] Mount-cache hash table entries: 2048 (order: 2, 16384 bytes)
[    0.008719] Mountpoint-cache hash table entries: 2048 (order: 2, 16384 bytes)
[    0.009685] Last level iTLB entries: 4KB 1024, 2MB 1024, 4MB 1024
[    0.010346] Last level dTLB entries: 4KB 1024, 2MB 1024, 4MB 1024, 1GB 4
[    0.011051] Spectre V1 : Mitigation: usercopy/swapgs barriers and __user pointer sanitization
[    0.012003] Spectre V2 : Mitigation: Full generic retpoline
[    0.012603] Spectre V2 : Spectre v2 / SpectreRSB mitigation: Filling RSB on context switch
[    0.013488] Speculative Store Bypass: Vulnerable
[    0.014039] SRBDS: Unknown: Dependent on hypervisor status
[    0.014628] MDS: Vulnerable: Clear CPU buffers attempted, no microcode
[    0.015456] Freeing SMP alternatives memory: 36K
[    0.126379] smpboot: CPU0: Intel(R) Core(TM) i7-4810MQ CPU @ 2.80GHz (family: 0x6, model: 0x3c, stepping: 0x3)
[    0.127638] Performance Events: unsupported p6 CPU model 60 no PMU driver, software events only.
[    0.128000] Hierarchical SRCU implementation.
[    0.128000] NMI watchdog: Perf event create on CPU 0 failed with -2
[    0.128000] NMI watchdog: Perf NMI watchdog permanently disabled
[    0.128045] smp: Bringing up secondary CPUs ...
[    0.128641] x86: Booting SMP configuration:
[    0.129122] .... node  #0, CPUs:      #1
[    0.004000] kvm-clock: cpu 1, msr 0:3ff44041, secondary cpu clock
[    0.132018] smp: Brought up 1 node, 2 CPUs
[    0.132483] smpboot: Max logical packages: 1
[    0.133020] smpboot: Total of 2 processors activated (11174.09 BogoMIPS)
[    0.133884] devtmpfs: initialized
[    0.133884] x86/mm: Memory block size: 128MB
[    0.136123] evm: security.selinux
[    0.136527] evm: security.SMACK64
[    0.136929] evm: security.SMACK64EXEC
[    0.137373] evm: security.SMACK64TRANSMUTE
[    0.137844] evm: security.SMACK64MMAP
[    0.138983] evm: security.apparmor
[    0.140000] evm: security.ima
[    0.140000] evm: security.capability
[    0.140098] clocksource: jiffies: mask: 0xffffffff max_cycles: 0xffffffff, max_idle_ns: 7645041785100000 ns
[    0.141070] futex hash table entries: 512 (order: 3, 32768 bytes)
[    0.144425] pinctrl core: initialized pinctrl subsystem
[    0.145101] RTC time: 16:38:12, date: 11/17/20
[    0.145724] NET: Registered protocol family 16
[    0.146307] audit: initializing netlink subsys (disabled)
[    0.146936] audit: type=2000 audit(1605631096.943:1): state=initialized audit_enabled=0 res=1
[    0.148010] cpuidle: using governor ladder
[    0.148493] cpuidle: using governor menu
[    0.148988] ACPI: bus type PCI registered
[    0.149453] acpiphp: ACPI Hot Plug PCI Controller Driver version: 0.5
[    0.150285] PCI: Using configuration type 1 for base access
[    0.152387] HugeTLB registered 2.00 MiB page size, pre-allocated 0 pages
[    0.152767] ACPI: Added _OSI(Module Device)
[    0.152767] ACPI: Added _OSI(Processor Device)
[    0.153083] ACPI: Added _OSI(3.0 _SCP Extensions)
[    0.153607] ACPI: Added _OSI(Processor Aggregator Device)
[    0.154198] ACPI: Added _OSI(Linux-Dell-Video)
[    0.156003] ACPI: Added _OSI(Linux-Lenovo-NV-HDMI-Audio)
[    0.156589] ACPI: Added _OSI(Linux-HPI-Hybrid-Graphics)
[    0.157381] ACPI: Executed 1 blocks of module-level executable AML code
[    0.161046] ACPI: Interpreter enabled
[    0.161506] ACPI: (supports S0 S5)
[    0.161911] ACPI: Using IOAPIC for interrupt routing
[    0.162659] PCI: Using host bridge windows from ACPI; if necessary, use "pci=nocrs" and report a bug
[    0.163770] ACPI: Enabled 2 GPEs in block 00 to 07
[    0.168944] ACPI: PCI Root Bridge [PCI0] (domain 0000 [bus 00-ff])
[    0.169759] acpi PNP0A03:00: _OSC: OS supports [ASPM ClockPM Segments MSI]
[    0.170976] acpi PNP0A03:00: _OSC: not requesting OS control; OS requires [ExtendedConfig ASPM ClockPM MSI]
[    0.172000] acpi PNP0A03:00: fail to add MMCONFIG information, can't access extended PCI configuration space under this bridge.
[    0.172426] PCI host bridge to bus 0000:00
[    0.176004] pci_bus 0000:00: root bus resource [io  0x0000-0x0cf7 window]
[    0.176711] pci_bus 0000:00: root bus resource [io  0x0d00-0xffff window]
[    0.177435] pci_bus 0000:00: root bus resource [mem 0x000a0000-0x000bffff window]
[    0.178278] pci_bus 0000:00: root bus resource [mem 0x40000000-0xfdffffff window]
[    0.179178] pci_bus 0000:00: root bus resource [bus 00-ff]
[    0.181244] pci 0000:00:01.1: legacy IDE quirk: reg 0x10: [io  0x01f0-0x01f7]
[    0.182033] pci 0000:00:01.1: legacy IDE quirk: reg 0x14: [io  0x03f6]
[    0.182741] pci 0000:00:01.1: legacy IDE quirk: reg 0x18: [io  0x0170-0x0177]
[    0.184003] pci 0000:00:01.1: legacy IDE quirk: reg 0x1c: [io  0x0376]
[    0.198655] pci 0000:00:07.0: quirk: [io  0x4000-0x403f] claimed by PIIX4 ACPI
[    0.199557] pci 0000:00:07.0: quirk: [io  0x4100-0x410f] claimed by PIIX4 SMB
[    0.206937] ACPI: PCI Interrupt Link [LNKA] (IRQs 5 9 10 *11)
[    0.208162] ACPI: PCI Interrupt Link [LNKB] (IRQs 5 9 *10 11)
[    0.209078] ACPI: PCI Interrupt Link [LNKC] (IRQs 5 *9 10 11)
[    0.209996] ACPI: PCI Interrupt Link [LNKD] (IRQs 5 9 10 *11)
[    0.211217] SCSI subsystem initialized
[    0.211838] pci 0000:00:02.0: vgaarb: setting as boot VGA device
[    0.211838] pci 0000:00:02.0: vgaarb: VGA device added: decodes=io+mem,owns=io+mem,locks=none
[    0.212011] pci 0000:00:02.0: vgaarb: bridge control possible
[    0.212692] vgaarb: loaded
[    0.213081] ACPI: bus type USB registered
[    0.213598] usbcore: registered new interface driver usbfs
[    0.214258] usbcore: registered new interface driver hub
[    0.216025] usbcore: registered new device driver usb
[    0.216691] EDAC MC: Ver: 3.0.0
[    0.216691] PCI: Using ACPI for IRQ routing
[    0.216804] NetLabel: Initializing
[    0.217240] NetLabel:  domain hash size = 128
[    0.217768] NetLabel:  protocols = UNLABELED CIPSOv4 CALIPSO
[    0.220023] NetLabel:  unlabeled traffic allowed by default
[    0.220703] clocksource: Switched to clocksource kvm-clock
[    0.230893] VFS: Disk quotas dquot_6.6.0
[    0.231419] VFS: Dquot-cache hash table entries: 512 (order 0, 4096 bytes)
[    0.232310] AppArmor: AppArmor Filesystem Enabled
[    0.232936] pnp: PnP ACPI init
[    0.234163] pnp: PnP ACPI: found 3 devices
[    0.242474] clocksource: acpi_pm: mask: 0xffffff max_cycles: 0xffffff, max_idle_ns: 2085701024 ns
[    0.243579] NET: Registered protocol family 2
[    0.244330] TCP established hash table entries: 8192 (order: 4, 65536 bytes)
[    0.245194] TCP bind hash table entries: 8192 (order: 5, 131072 bytes)
[    0.246434] TCP: Hash tables configured (established 8192 bind 8192)
[    0.247189] UDP hash table entries: 512 (order: 2, 16384 bytes)
[    0.247857] UDP-Lite hash table entries: 512 (order: 2, 16384 bytes)
[    0.248669] NET: Registered protocol family 1
[    0.249206] pci 0000:00:00.0: Limiting direct PCI/PCI transfers
[    0.249882] pci 0000:00:01.0: Activating ISA DMA hang workarounds
[    0.250594] pci 0000:00:02.0: Video device with shadowed ROM at [mem 0x000c0000-0x000dffff]
[    0.251631] Unpacking initramfs...
[    0.466432] Freeing initrd memory: 19216K
[    0.467040] clocksource: tsc: mask: 0xffffffffffffffff max_cycles: 0x28445b66dfc, max_idle_ns: 440795325455 ns
[    0.468243] platform rtc_cmos: registered platform RTC device (no PNP device found)
[    0.469140] Scanning for low memory corruption every 60 seconds
[    0.470303] Initialise system trusted keyrings
[    0.470856] Key type blacklist registered
[    0.471365] workingset: timestamp_bits=36 max_order=18 bucket_order=0
[    0.472920] zbud: loaded
[    0.473973] squashfs: version 4.0 (2009/01/31) Phillip Lougher
[    0.475115] fuse init (API version 7.26)
[    0.477597] Key type asymmetric registered
[    0.478291] Asymmetric key parser 'x509' registered
[    0.479118] Block layer SCSI generic (bsg) driver version 0.4 loaded (major 246)
[    0.480366] io scheduler noop registered
[    0.481031] io scheduler deadline registered
[    0.481767] io scheduler cfq registered (default)
[    0.482864] ACPI: AC Adapter [AC] (off-line)
[    0.483632] input: Power Button as /devices/LNXSYSTM:00/LNXPWRBN:00/input/input0
[    0.484896] ACPI: Power Button [PWRF]
[    0.485589] input: Sleep Button as /devices/LNXSYSTM:00/LNXSLPBN:00/input/input1
[    0.486859] ACPI: Sleep Button [SLPF]
[    0.488657] ACPI: Battery Slot [BAT0] (battery present)
[    0.489757] Serial: 8250/16550 driver, 32 ports, IRQ sharing enabled
[    0.511491] 00:02: ttyS0 at I/O 0x3f8 (irq = 4, base_baud = 115200) is a 16550A
[    0.515183] Linux agpgart interface v0.103
[    0.517501] loop: module loaded
[    0.518688] scsi host0: ata_piix
[    0.519386] scsi host1: ata_piix
[    0.519989] ata1: PATA max UDMA/33 cmd 0x1f0 ctl 0x3f6 bmdma 0xd000 irq 14
[    0.521111] ata2: PATA max UDMA/33 cmd 0x170 ctl 0x376 bmdma 0xd008 irq 15
[    0.522517] libphy: Fixed MDIO Bus: probed
[    0.523185] tun: Universal TUN/TAP device driver, 1.6
[    0.524109] PPP generic driver version 2.4.2
[    0.524901] ehci_hcd: USB 2.0 'Enhanced' Host Controller (EHCI) Driver
[    0.525892] ehci-pci: EHCI PCI platform driver
[    0.526626] ehci-platform: EHCI generic platform driver
[    0.527461] ohci_hcd: USB 1.1 'Open' Host Controller (OHCI) Driver
[    0.528459] ohci-pci: OHCI PCI platform driver
[    0.529204] ohci-platform: OHCI generic platform driver
[    0.530041] uhci_hcd: USB Universal Host Controller Interface driver
[    0.531147] i8042: PNP: PS/2 Controller [PNP0303:PS2K,PNP0f03:PS2M] at 0x60,0x64 irq 1,12
[    0.533040] serio: i8042 KBD port at 0x60,0x64 irq 1
[    0.533892] serio: i8042 AUX port at 0x60,0x64 irq 12
[    0.534912] mousedev: PS/2 mouse device common for all mice
[    0.536411] input: AT Translated Set 2 keyboard as /devices/platform/i8042/serio0/input/input2
[    0.539950] rtc_cmos rtc_cmos: rtc core: registered rtc_cmos as rtc0
[    0.541219] rtc_cmos rtc_cmos: alarms up to one day, 114 bytes nvram
[    0.542209] i2c /dev entries driver
[    0.542882] device-mapper: uevent: version 1.0.3
[    0.543749] device-mapper: ioctl: 4.37.0-ioctl (2017-09-20) initialised: dm-devel@redhat.com
[    0.545016] ledtrig-cpu: registered to indicate activity on CPUs
[    0.545976] NET: Registered protocol family 10
[    0.549197] Segment Routing with IPv6
[    0.549706] NET: Registered protocol family 17
[    0.550260] Key type dns_resolver registered
[    0.550922] mce: Using 0 MCE banks
[    0.551344] RAS: Correctable Errors collector initialized.
[    0.551955] sched_clock: Marking stable (550889226, 0)->(650575705, -99686479)
[    0.553145] registered taskstats version 1
[    0.553665] Loading compiled-in X.509 certificates
[    0.556081] Loaded X.509 cert 'Build time autogenerated kernel key: 993aedfcb7091aab7364eeb95e85a8dab512d887'
[    0.557277] zswap: loaded using pool lzo/zbud
[    0.560525] Key type big_key registered
[    0.561015] Key type trusted registered
[    0.562752] Key type encrypted registered
[    0.563248] AppArmor: AppArmor sha1 policy hashing enabled
[    0.563933] ima: No TPM chip found, activating TPM-bypass! (rc=-19)
[    0.564689] ima: Allocated hash algorithm: sha1
[    0.565248] evm: HMAC attrs: 0x1
[    0.565914]   Magic number: 12:586:641
[    0.566486] rtc_cmos rtc_cmos: setting system clock to 2020-11-17 16:38:12 UTC (1605631092)
[    0.567581] BIOS EDD facility v0.16 2004-Jun-25, 0 devices found
[    0.568316] EDD information not available.
[    0.704413] Freeing unused kernel image memory: 2436K
[    0.716113] Write protecting the kernel read-only data: 20480k
[    0.717629] Freeing unused kernel image memory: 2008K
[    0.718648] Freeing unused kernel image memory: 1872K
[    0.725200] x86/mm: Checked W+X mappings: passed, no W+X pages found.
[    0.726013] x86/mm: Checking user space page tables
[    0.731826] x86/mm: Checked W+X mappings: passed, no W+X pages found.
Loading, please wait...
starting version 237
[    0.787416] e1000: Intel(R) PRO/1000 Network Driver - version 7.3.21-k8-NAPI
[    0.788229] e1000: Copyright (c) 1999-2006 Intel Corporation.
[    0.791030] Fusion MPT base driver 3.04.20
[    0.791518] Copyright (c) 1999-2008 LSI Corporation
[    0.807679] Fusion MPT SPI Host driver 3.04.20
[    0.810075] AVX2 version of gcm_enc/dec engaged.
[    0.810623] AES CTR mode by8 optimization enabled
[    1.007855] input: ImExPS/2 Generic Explorer Mouse as /devices/platform/i8042/serio1/input/input4
[    1.152153] e1000 0000:00:03.0 eth0: (PCI:33MHz:32-bit) 02:a6:ac:a9:9a:f4
[    1.153104] e1000 0000:00:03.0 eth0: Intel(R) PRO/1000 Network Connection
[    1.154882] mptbase: ioc0: Initiating bringup
[    1.155104] e1000 0000:00:03.0 enp0s3: renamed from eth0
[    1.683353] ioc0: LSI53C1030 A0: Capabilities={Initiator}
[    3.819240] scsi host2: ioc0: LSI53C1030 A0, FwRev=00000000h, Ports=1, MaxQ=256, IRQ=20
[    5.502269] scsi 2:0:0:0: Direct-Access     VBOX     HARDDISK         1.0  PQ: 0 ANSI: 5
[    5.532187] scsi target2:0:0: Beginning Domain Validation
[    5.537926] scsi target2:0:0: Domain Validation skipping write tests
[    5.540324] scsi target2:0:0: Ending Domain Validation
[    5.541819] scsi target2:0:0: asynchronous
[    5.543419] scsi 2:0:1:0: Direct-Access     VBOX     HARDDISK         1.0  PQ: 0 ANSI: 5
[    5.576100] scsi target2:0:1: Beginning Domain Validation
[    5.578314] scsi target2:0:1: Domain Validation skipping write tests
[    5.578315] random: fast init done
[    5.579469] scsi target2:0:1: Ending Domain Validation
[    5.580081] scsi target2:0:1: asynchronous
[    5.583202] random: systemd-udevd: uninitialized urandom read (16 bytes read)
[    5.584092] random: systemd-udevd: uninitialized urandom read (16 bytes read)
[    5.584896] random: systemd-udevd: uninitialized urandom read (16 bytes read)
[    5.586088] sd 2:0:0:0: [sda] 20971520 512-byte logical blocks: (10.7 GB/10.0 GiB)
[    5.586992] sd 2:0:0:0: [sda] Write Protect is off
[    5.587544] sd 2:0:0:0: Attached scsi generic sg0 type 0
[    5.588211] sd 2:0:0:0: [sda] Incomplete mode parameter data
[    5.588845] sd 2:0:0:0: [sda] Assuming drive cache: write through
[    5.590229] sd 2:0:1:0: [sdb] 20480 512-byte logical blocks: (10.5 MB/10.0 MiB)
[    5.591127] sd 2:0:1:0: [sdb] Write Protect is off
[    5.591789] sd 2:0:1:0: Attached scsi generic sg1 type 0
[    5.592416] sd 2:0:1:0: [sdb] Incomplete mode parameter data
[    5.593047] sd 2:0:1:0: [sdb] Assuming drive cache: write through
[    5.594313]  sda: sda1
[    5.595446] sd 2:0:0:0: [sda] Attached SCSI disk
[    5.597309] sd 2:0:1:0: [sdb] Attached SCSI disk
Begin: Loading essential drivers ... [    6.984058] raid6: sse2x1   gen() 12002 MB/s
[    7.032056] raid6: sse2x1   xor()  8816 MB/s
[    7.080066] raid6: sse2x2   gen() 14892 MB/s
[    7.128062] raid6: sse2x2   xor()  9510 MB/s
[    7.176055] raid6: sse2x4   gen() 17579 MB/s
[    7.224054] raid6: sse2x4   xor() 10869 MB/s
[    7.272054] raid6: avx2x1   gen() 24386 MB/s
[    7.320055] raid6: avx2x1   xor() 16377 MB/s
[    7.368073] raid6: avx2x2   gen() 27701 MB/s
[    7.416054] raid6: avx2x2   xor() 17131 MB/s
[    7.464054] raid6: avx2x4   gen() 32155 MB/s
[    7.512054] raid6: avx2x4   xor() 18795 MB/s
[    7.512577] raid6: using algorithm avx2x4 gen() 32155 MB/s
[    7.513171] raid6: .... xor() 18795 MB/s, rmw enabled
[    7.513721] raid6: using avx2x2 recovery algorithm
[    7.515428] xor: automatically using best checksumming function   avx       
[    7.517565] async_tx: api initialized (async)
done.
Begin: Running /scripts/init-premount ... done.
Begin: Mounting root file system ... Begin: Running /scripts/local-top ... done.
Begin: Running /scripts/local-premount ... [    7.557240] Btrfs loaded, crc32c=crc32c-intel
Scanning for Btrfs filesystems
done.
Warning: fsck not present, so skipping root file system
[    7.583506] EXT4-fs (sda1): mounted filesystem with ordered data mode. Opts: (null)
done.
Begin: Running /scripts/local-bottom ... done.
Begin: Running /scripts/init-bottom ... done.
[    7.778208] ip_tables: (C) 2000-2006 Netfilter Core Team
[    7.787685] systemd[1]: systemd 237 running in system mode. (+PAM +AUDIT +SELINUX +IMA +APPARMOR +SMACK +SYSVINIT +UTMP +LIBCRYPTSETUP +GCRYPT +GNUTLS +ACL +XZ +LZ4 +SECCOMP +BLKID +ELFUTILS +KMOD -IDN2 +IDN -PCRE2 default-hierarchy=hybrid)
[    7.793458] systemd[1]: Detected virtualization oracle.
[    7.794894] systemd[1]: Detected architecture x86-64.

Welcome to [1mUbuntu 18.04.5 LTS[0m!

[    7.801005] systemd[1]: Set hostname to <ubuntu>.
[    7.805189] systemd[1]: Initializing machine ID from random generator.
[    7.806361] systemd[1]: Installed transient /etc/machine-id file.
[    8.105165] systemd[1]: Set up automount Arbitrary Executable File Formats File System Automount Point.
[[0;32m  OK  [0m] Set up automount Arbitrary Executabâ€¦rmats File System Automount Point.
[    8.107108] systemd[1]: Started Forward Password Requests to Wall Directory Watch.
[[0;32m  OK  [0m] Started Forward Password Requests to Wall Directory Watch.
[    8.109955] systemd[1]: Created slice System Slice.
[[0;32m  OK  [0m] Created slice System Slice.
[    8.111064] systemd[1]: Listening on /dev/initctl Compatibility Named Pipe.
[[0;32m  OK  [0m] Listening on /dev/initctl Compatibility Named Pipe.
[[0;32m  OK  [0m] Listening on Journal Socket (/dev/log).
[[0;32m  OK  [0m] Created slice system-serial\x2dgetty.slice.
[[0;32m  OK  [0m] Listening on LVM2 metadata daemon socket.
[[0;32m  OK  [0m] Listening on udev Control Socket.
[[0;32m  OK  [0m] Listening on Journal Audit Socket.
[[0;32m  OK  [0m] Listening on Syslog Socket.
[[0;32m  OK  [0m] Listening on Journal Socket.
         Starting Remount Root and Kernel File Systems...
         Mounting Kernel Debug File System...
         Mounting POSIX Message Queue File System...
         Starting Uncomplicated firewall...
[[0;32m  OK  [0m] Reached target User and Group Name Lookups.
         Starting Set the console keyboard layout...
         Starting Journal Service...
[[0;32m  OK  [0m] Reached target System Time Synchronized.
[[0;32m  OK  [0m] Listening on LVM2 poll daemon socket.
[    8.148496] EXT4-fs (sda1): re-mounted. Opts: (null)
         Starting Load Kernel Modules...
[[0;32m  OK  [0m] Listening on Device-mapper event daemon FIFOs.
         Starting Monitoring of LVM2 mirrorsâ€¦ng dmeventd or progress polling...
[[0;32m  OK  [0m] Listening on udev Kernel Socket.
         Starting udev Coldplug all Devices...
[[0;32m  OK  [0m] Listening on Network Service Netlink Socket.
         Mounting Huge Pages File System...
[[0;32m  OK  [0m] Reached target Swap.
         Starting Create list of required stâ€¦ce nodes for the current kernel...
[[0;32m  OK  [0m] Created slice User and Session Slice.
[[0;32m  OK  [0m] Reached target Slices.
[[0;32m  OK  [0m] Started Remount Root and Kernel File Systems.
[[0;32m  OK  [0m] Mounted Kernel Debug File System.
[[0;32m  OK  [0m] Mounted POSIX Message Queue File System.
[[0;32m  OK  [0m] Mounted Huge Pages File System.
         Starting Load/Save Random Seed...
[[0;32m  OK  [0m] Started Uncomplicated firewall.
[[0;32m  OK  [0m] Started Journal Service.
         Starting Flush Journal to Persistent Storage...
[    8.207141] Loading iSCSI transport class v2.0-870.
[    8.212875] iscsi: registered transport (tcp)
[[0;32m  OK  [0m] Started LVM2 metadata daemon.
[[0;32m  OK  [0m] Started Create list of required staâ€¦vice nodes for the current kernel.
         Starting Create Static Device Nodes in /dev...
[[0;32m  OK  [0m] Started Load/Save Random Seed.
[    8.275744] systemd-journald[398]: Received request to flush runtime journal from PID 1
[    8.287185] iscsi: registered transport (iser)
[[0;32m  OK  [0m] Started Load Kernel Modules.
         Starting Apply Kernel Variables...
         Mounting FUSE Control File System...
         Mounting Kernel Configuration File System...
[[0;32m  OK  [0m] Started udev Coldplug all Devices.
[[0;32m  OK  [0m] Mounted Kernel Configuration File System.
[[0;32m  OK  [0m] Mounted FUSE Control File System.
[[0;32m  OK  [0m] Started Create Static Device Nodes in /dev.
         Starting udev Kernel Device Manager...
[[0;32m  OK  [0m] Started Monitoring of LVM2 mirrors,â€¦sing dmeventd or progress polling.
[[0;32m  OK  [0m] Started Apply Kernel Variables.
[[0;32m  OK  [0m] Started Flush Journal to Persistent Storage.
[[0;32m  OK  [0m] Started udev Kernel Device Manager.
[[0;32m  OK  [0m] Found device /dev/ttyS0.
[[0;32m  OK  [0m] Listening on Load/Save RF Kill Switch Status /dev/rfkill Watch.
[[0;32m  OK  [0m] Started Set the console keyboard layout.
[[0;32m  OK  [0m] Started Dispatch Password Requests to Console Directory Watch.
[[0;32m  OK  [0m] Reached target Local Encrypted Volumes.
[[0;32m  OK  [0m] Reached target Local File Systems (Pre).
[[0;32m  OK  [0m] Reached target Local File Systems.
         Starting Create Volatile Files and Directories...
         Starting Commit a transient machine-id on disk...
         Starting AppArmor initialization...
         Starting Set console font and keymap...
         Starting ebtables ruleset management...
         Starting Tell Plymouth To Write Out Runtime Data...
[[0;32m  OK  [0m] Started Set console font and keymap.
[[0;32m  OK  [0m] Started Create Volatile Files and Directories.
         Starting Update UTMP about System Boot/Shutdown...
[[0;32m  OK  [0m] Started Tell Plymouth To Write Out Runtime Data.
[[0;32m  OK  [0m] Started Update UTMP about System Boot/Shutdown.
[[0;32m  OK  [0m] Started Commit a transient machine-id on disk.
[[0;32m  OK  [0m] Started ebtables ruleset management.
[[0;32m  OK  [0m] Started AppArmor initialization.
         Starting Load AppArmor profiles managed internally by snapd...
         Starting Initial cloud-init job (pre-networking)...
[[0;32m  OK  [0m] Started Load AppArmor profiles managed internally by snapd.
[   11.129813] cloud-init[654]: Cloud-init v. 20.3-2-g371b392c-0ubuntu1~18.04.1 running 'init-local' at Tue, 17 Nov 2020 16:38:22 +0000. Up 10.79 seconds.
[[0;32m  OK  [0m] Started Initial cloud-init job (pre-networking).
[[0;32m  OK  [0m] Reached target Network (Pre).
         Starting Network Service...
[[0;32m  OK  [0m] Started Network Service.
         Starting Network Name Resolution...
         Starting Wait for Network to be Configured...
[[0;32m  OK  [0m] Started Network Name Resolution.
[[0;32m  OK  [0m] Reached target Network.
[[0;32m  OK  [0m] Reached target Host and Network Name Lookups.
[[0;32m  OK  [0m] Started Wait for Network to be Configured.
         Starting Initial cloud-init job (metadata service crawler)...
[   12.791115] cloud-init[787]: Cloud-init v. 20.3-2-g371b392c-0ubuntu1~18.04.1 running 'init' at Tue, 17 Nov 2020 16:38:24 +0000. Up 12.65 seconds.
[   12.792200] cloud-init[787]: ci-info: ++++++++++++++++++++++++++++++++++++++Net device info++++++++++++++++++++++++++++++++++++++
[   12.793186] cloud-init[787]: ci-info: +--------+------+----------------------------+---------------+--------+-------------------+
[   12.794089] cloud-init[787]: ci-info: | Device |  Up  |          Address           |      Mask     | Scope  |     Hw-Address    |
[   12.795057] cloud-init[787]: ci-info: +--------+------+----------------------------+---------------+--------+-------------------+
[   12.796143] cloud-init[787]: ci-info: | enp0s3 | True |         10.0.2.15          | 255.255.255.0 | global | 02:a6:ac:a9:9a:f4 |
[   12.797101] cloud-init[787]: ci-info: | enp0s3 | True | fe80::a6:acff:fea9:9af4/64 |       .       |  link  | 02:a6:ac:a9:9a:f4 |
[   12.798057] cloud-init[787]: ci-info: |   lo   | True |         127.0.0.1          |   255.0.0.0   |  host  |         .         |
[   12.799197] cloud-init[787]: ci-info: |   lo   | True |          ::1/128           |       .       |  host  |         .         |
[   12.800190] cloud-init[787]: ci-info: +--------+------+----------------------------+---------------+--------+-------------------+
[   12.801296] cloud-init[787]: ci-info: ++++++++++++++++++++++++++++Route IPv4 info+++++++++++++++++++++++++++++
[   12.802126] cloud-init[787]: ci-info: +-------+-------------+----------+-----------------+-----------+-------+
[   12.803488] cloud-init[787]: ci-info: | Route | Destination | Gateway  |     Genmask     | Interface | Flags |
[   12.804315] cloud-init[787]: ci-info: +-------+-------------+----------+-----------------+-----------+-------+
[   12.805151] cloud-init[787]: ci-info: |   0   |   0.0.0.0   | 10.0.2.2 |     0.0.0.0     |   enp0s3  |   UG  |
[   12.806007] cloud-init[787]: ci-info: |   1   |   10.0.2.0  | 0.0.0.0  |  255.255.255.0  |   enp0s3  |   U   |
[   12.806827] cloud-init[787]: ci-info: |   2   |   10.0.2.2  | 0.0.0.0  | 255.255.255.255 |   enp0s3  |   UH  |
[   12.807638] cloud-init[787]: ci-info: +-------+-------------+----------+-----------------+-----------+-------+
[   12.808457] cloud-init[787]: ci-info: +++++++++++++++++++Route IPv6 info+++++++++++++++++++
[   12.809273] cloud-init[787]: ci-info: +-------+-------------+---------+-----------+-------+
[   12.810061] cloud-init[787]: ci-info: | Route | Destination | Gateway | Interface | Flags |
[   12.810855] cloud-init[787]: ci-info: +-------+-------------+---------+-----------+-------+
[   12.811641] cloud-init[787]: ci-info: |   1   |  fe80::/64  |    ::   |   enp0s3  |   U   |
[   12.812454] cloud-init[787]: ci-info: |   3   |    local    |    ::   |   enp0s3  |   U   |
[   12.813145] cloud-init[787]: ci-info: |   4   |   ff00::/8  |    ::   |   enp0s3  |   U   |
[   12.813855] cloud-init[787]: ci-info: +-------+-------------+---------+-----------+-------+
[   13.564441] cloud-init[787]: Generating public/private rsa key pair.
[   13.565171] cloud-init[787]: Your identification has been saved in /etc/ssh/ssh_host_rsa_key.
[   13.565985] cloud-init[787]: Your public key has been saved in /etc/ssh/ssh_host_rsa_key.pub.
[   13.566654] cloud-init[787]: The key fingerprint is:
[   13.567108] cloud-init[787]: SHA256:sp5xW/l0ZXg97YdjCjaCnMpAB/ayNWbcsu/3zU+j3rw root@ubuntu-bionic
[   13.567892] cloud-init[787]: The key's randomart image is:
[   13.568413] cloud-init[787]: +---[RSA 2048]----+
[   13.568840] cloud-init[787]: |                 |
[   13.569248] cloud-init[787]: |                 |
[   13.569639] cloud-init[787]: |  o              |
[   13.570051] cloud-init[787]: | . + .         .o|
[   13.570476] cloud-init[787]: |  o X o S     ..*|
[   13.570864] cloud-init[787]: | . B = =   .   *.|
[   13.571275] cloud-init[787]: |  o . * o * . B o|
[   13.571705] cloud-init[787]: |   o + +.= B O o.|
[   13.572085] cloud-init[787]: |    o.=.....B.E. |
[   13.572519] cloud-init[787]: +----[SHA256]-----+
[   13.572943] cloud-init[787]: Generating public/private dsa key pair.
[   13.573472] cloud-init[787]: Your identification has been saved in /etc/ssh/ssh_host_dsa_key.
[   13.574167] cloud-init[787]: Your public key has been saved in /etc/ssh/ssh_host_dsa_key.pub.
[   13.574864] cloud-init[787]: The key fingerprint is:
[   13.575266] cloud-init[787]: SHA256:0kqcLTN9Z7gxH7YT1ckEWdXoZkyE/n/j4ER914JfMOA root@ubuntu-bionic
[   13.576019] cloud-init[787]: The key's randomart image is:
[   13.596180] cloud-init[787]: +---[DSA 1024]----+
[   13.596707] cloud-init[787]: |            .+=++|
[   13.597178] cloud-init[787]: |           ..o=.o|
[   13.597685] cloud-init[787]: |           .E++o.|
[   13.598161] cloud-init[787]: |     . =   ..o*o.|
[   13.598656] cloud-init[787]: |      O S = B=..=|
[   13.613395] cloud-init[787]: |     . * . O.=.oo|
[   13.613906] cloud-init[787]: |      .   . +o.. |
[   13.614422] cloud-init[787]: |            o...o|
[   13.614900] cloud-init[787]: |             ...o|
[   13.615370] cloud-init[787]: +----[SHA256]-----+
[   13.615815] cloud-init[787]: Generating public/private ecdsa key pair.
[   13.616478] cloud-init[787]: Your identification has been saved in /etc/ssh/ssh_host_ecdsa_key.
[   13.617290] cloud-init[787]: Your public key has been saved in /etc/ssh/ssh_host_ecdsa_key.pub.
[   13.618129] cloud-init[787]: The key fingerprint is:
[   13.618623] cloud-init[787]: SHA256:2AMHghmF0i/DJEyw8SalY20WAKnrEoqidX0mRGNgQrc root@ubuntu-bionic
[   13.619454] cloud-init[787]: The key's randomart image is:
[   13.620011] cloud-init[787]: +---[ECDSA 256]---+
[   13.620506] cloud-init[787]: |O**B* .          |
[   13.620971] cloud-init[787]: |+BB+.+ .         |
[   13.621440] cloud-init[787]: |**o=E = .        |
[   13.621901] cloud-init[787]: |o+* .o *         |
[   13.622360] cloud-init[787]: | . o  o S        |
[   13.622822] cloud-init[787]: |o    o   .       |
[   13.623283] cloud-init[787]: |+.. . o o        |
[   13.623739] cloud-init[787]: |=o .   +         |
[   13.624224] cloud-init[787]: |=                |
[   13.624717] cloud-init[787]: +----[SHA256]-----+
[   13.625191] cloud-init[787]: Generating public/private ed25519 key pair.
[   13.625760] cloud-init[787]: Your identification has been saved in /etc/ssh/ssh_host_ed25519_key.
[   13.626613] cloud-init[787]: Your public key has been saved in /etc/ssh/ssh_host_ed25519_key.pub.
[   13.627426] cloud-init[787]: The key fingerprint is:
[   13.627937] cloud-init[787]: SHA256:7k6Mlm1wZFTNf7o4KZYlLl+v4XfOKB6I07pppC+DJtw root@ubuntu-bionic
[   13.628797] cloud-init[787]: The key's randomart image is:
[   13.629340] cloud-init[787]: +--[ED25519 256]--+
[   13.629788] cloud-init[787]: |        ...o     |
[   13.630263] cloud-init[787]: |       .    o    |
[   13.630728] cloud-init[787]: |        o    .   |
[   13.631216] cloud-init[787]: |       o      . .|
[   13.631694] cloud-init[787]: |      . S      o |
[   13.632200] cloud-init[787]: |       O.o... .  |
[   13.632741] cloud-init[787]: | . . .+oO.o++o . |
[   13.633212] cloud-init[787]: |  o E.++o+=o=+oo.|
[   13.633698] cloud-init[787]: |   o   *B=.o+=ooo|
[   13.634167] cloud-init[787]: +----[SHA256]-----+
[[0;32m  OK  [0m] Started Initial cloud-init job (metadata service crawler).
[[0;32m  OK  [0m] Reached target Cloud-config availability.
[[0;32m  OK  [0m] Reached target System Initialization.
[[0;32m  OK  [0m] Listening on UUID daemon activation socket.
[[0;32m  OK  [0m] Started Daily Cleanup of Temporary Directories.
[[0;32m  OK  [0m] Listening on D-Bus System Message Bus Socket.
[[0;32m  OK  [0m] Listening on ACPID Listen Socket.
         Starting Socket activation for snappy daemon.
[[0;32m  OK  [0m] Started Daily apt download activities.
[[0;32m  OK  [0m] Started Daily apt upgrade and clean activities.
[[0;32m  OK  [0m] Started Message of the Day.
         Starting LXD - unix socket.
[[0;32m  OK  [0m] Listening on Open-iSCSI iscsid Socket.
[[0;32m  OK  [0m] Started ACPI Events Check.
[[0;32m  OK  [0m] Reached target Paths.
[[0;32m  OK  [0m] Started Discard unused blocks once a week.
[[0;32m  OK  [0m] Reached target Timers.
[[0;32m  OK  [0m] Reached target Network is Online.
[[0;32m  OK  [0m] Reached target Remote File Systems (Pre).
[[0;32m  OK  [0m] Reached target Remote File Systems.
         Starting Availability of block devices...
[[0;32m  OK  [0m] Listening on Socket activation for snappy daemon.
[[0;32m  OK  [0m] Listening on LXD - unix socket.
[[0;32m  OK  [0m] Reached target Sockets.
[[0;32m  OK  [0m] Reached target Basic System.
[[0;32m  OK  [0m] Started Deferred execution scheduler.
[[0;32m  OK  [0m] Started FUSE filesystem for LXC.
         Starting System Logging Service...
[[0;32m  OK  [0m] Started D-Bus System Message Bus.
         Starting Dispatcher daemon for systemd-networkd...
         Starting Accounts Service...
[[0;32m  OK  [0m] Started irqbalance daemon.
         Starting LSB: automatic crash report generation...
         Starting Pollinate to seed the pseudo random number generator...
[[0;32m  OK  [0m] Started Regular background program processing daemon.
         Starting LXD - container startup/shutdown...
         Starting Login Service...
         Starting Virtualbox guest utils...
         Starting Permit User Sessions...
         Starting LSB: Record successful boot for GRUB...
         Starting Snap Daemon...
[[0;32m  OK  [0m] Started System Logging Service.
[[0;32m  OK  [0m] Started Availability of block devices.
[[0;32m  OK  [0m] Started Permit User Sessions.
[[0;32m  OK  [0m] Started Login Service.
[[0;32m  OK  [0m] Started Unattended Upgrades Shutdown.
         Starting Authorization Manager...
         Starting Terminate Plymouth Boot Screen...
         Starting Hold until boot process finishes up...
[[0;32m  OK  [0m] Started Terminate Plymouth Boot Screen.
[[0;32m  OK  [0m] Started Hold until boot process finishes up.
         Starting Set console scheme...
[[0;32m  OK  [0m] Started Serial Getty on ttyS0.
[[0;32m  OK  [0m] Started Authorization Manager.
[[0;32m  OK  [0m] Started Accounts Service.
[[0;32m  OK  [0m] Started Set console scheme.
[[0;32m  OK  [0m] Created slice system-getty.slice.
[[0;32m  OK  [0m] Started Getty on tty1.
[[0;32m  OK  [0m] Reached target Login Prompts.
[[0;32m  OK  [0m] Started LSB: automatic crash report generation.
[[0;32m  OK  [0m] Started Dispatcher daemon for systemd-networkd.
[[0;32m  OK  [0m] Started LSB: Record successful boot for GRUB.
[[0;32m  OK  [0m] Started Virtualbox guest utils.
[[0;32m  OK  [0m] Started LXD - container startup/shutdown.
[[0;32m  OK  [0m] Started Snap Daemon.
         Starting Wait until snapd is fully seeded...
[[0;32m  OK  [0m] Started Pollinate to seed the pseudo random number generator.
         Starting OpenBSD Secure Shell server...
[[0;32m  OK  [0m] Started OpenBSD Secure Shell server.
[[0;32m  OK  [0m] Created slice User Slice of vagrant.
         Starting User Manager for UID 1000...
[[0;32m  OK  [0m] Started Session 1 of user vagrant.
[[0;32m  OK  [0m] Started User Manager for UID 1000.
[[0;32m  OK  [0m] Started Wait until snapd is fully seeded.
[[0;32m  OK  [0m] Reached target Multi-User System.
[[0;32m  OK  [0m] Reached target Graphical Interface.
         Starting Update UTMP about System Runlevel Changes...
         Starting Apply the settings specified in cloud-config...
[[0;32m  OK  [0m] Started Update UTMP about System Runlevel Changes.
[   16.948669] cloud-init[1445]: Cloud-init v. 20.3-2-g371b392c-0ubuntu1~18.04.1 running 'modules:config' at Tue, 17 Nov 2020 16:38:28 +0000. Up 16.59 seconds.
[[0;32m  OK  [0m] Started Apply the settings specified in cloud-config.
         Starting Execute cloud user/final scripts...
ci-info: no authorized SSH keys fingerprints found for user ubuntu.
<14>Nov 17 16:38:29 ec2: 
<14>Nov 17 16:38:29 ec2: #############################################################
<14>Nov 17 16:38:29 ec2: -----BEGIN SSH HOST KEY FINGERPRINTS-----
<14>Nov 17 16:38:29 ec2: 1024 SHA256:0kqcLTN9Z7gxH7YT1ckEWdXoZkyE/n/j4ER914JfMOA root@ubuntu-bionic (DSA)
<14>Nov 17 16:38:29 ec2: 256 SHA256:2AMHghmF0i/DJEyw8SalY20WAKnrEoqidX0mRGNgQrc root@ubuntu-bionic (ECDSA)
<14>Nov 17 16:38:29 ec2: 256 SHA256:7k6Mlm1wZFTNf7o4KZYlLl+v4XfOKB6I07pppC+DJtw root@ubuntu-bionic (ED25519)
<14>Nov 17 16:38:29 ec2: 2048 SHA256:sp5xW/l0ZXg97YdjCjaCnMpAB/ayNWbcsu/3zU+j3rw root@ubuntu-bionic (RSA)
<14>Nov 17 16:38:29 ec2: -----END SSH HOST KEY FINGERPRINTS-----
<14>Nov 17 16:38:29 ec2: #############################################################
-----BEGIN SSH HOST KEY KEYS-----
ecdsa-sha2-nistp256 AAAAE2VjZHNhLXNoYTItbmlzdHAyNTYAAAAIbmlzdHAyNTYAAABBBNkgu9R3pxiqgdkGftT7a+6Lv/BeORwBi2bCgPkreeG6l5XgITjGb1O2WtGfVNtw4o4ETV8qHMX3WkLI3KHtxxY= root@ubuntu-bionic
ssh-ed25519 AAAAC3NzaC1lZDI1NTE5AAAAIBA9r6xj1gjnmszdBQERzoa55H76T5M9NgF9BL+iZ5l6 root@ubuntu-bionic
ssh-rsa AAAAB3NzaC1yc2EAAAADAQABAAABAQC9CrJ81vhKCFdlr50ddmrkN5ts7WoQhxMGJ0qcZZ9+G7J4ghj5nMzAmSlT7QbsRR+mBZYxGr6bvXHQi2WaO0isvn6z6QmUeu+TIkgUEPf/Htlig2rbvkPk1PAEw33skZNv2hAu1OstxIul4J7RnC2u0Ue5IBw3JKDy6v4rd3XPYPuDBCb967zFdo3h5tW+v9Smk2+mkOdK9t7Xk0w2EXToA3Uz8HfkREJslGR6lLaHu2bYcVYYh+GPGA4s+/5rSDPMzmCCOWt/Af/E89ImDzryPpis9kVuDsGvM73JM9wbzDi6PDi9zalwXVnLdLsjOawLXtex5Q8jIBJCNLqKAo7x root@ubuntu-bionic
-----END SSH HOST KEY KEYS-----
[   17.477402] cloud-init[1552]: Cloud-init v. 20.3-2-g371b392c-0ubuntu1~18.04.1 running 'modules:final' at Tue, 17 Nov 2020 16:38:29 +0000. Up 17.31 seconds.
[   17.478806] cloud-init[1552]: ci-info: no authorized SSH keys fingerprints found for user ubuntu.
[   17.479752] cloud-init[1552]: Cloud-init v. 20.3-2-g371b392c-0ubuntu1~18.04.1 finished at Tue, 17 Nov 2020 16:38:29 +0000. Datasource DataSourceNoCloud [seed=/dev/sdb][dsmode=net].  Up 17.47 seconds
[[0;32m  OK  [0m] Started Execute cloud user/final scripts.
[[0;32m  OK  [0m] Reached target Cloud-init target.

Ubuntu 18.04.5 LTS ubuntu-bionic ttyS0

ubuntu-bionic login: 